["affenpinscher",
"hound/afghan",
"african",
"airedale",
"akita",
"terrier/american",
"appenzeller",
"cattledog/australian",
"australian/shepherd",
"terrier/australian",
"basenji",
"hound/basset",
"beagle",
"terrier/bedlington",
"mountain/bernese",
"frise/bichon",
"spaniel/blenheim",
"hound/blood",
"bluetick",
"collie/border",
"terrier/border",
"borzoi",
"bulldog/boston",
"bouvier",
"boxer",
"brabancon",
"briard",
"spaniel/brittany",
"mastiff/bull",
"terrier/cairn",
"corgi/cardigan",
"ovcharka/caucasian",
"retriever/chesapeake",
"chihuahua",
"chow",
"clumber",
"cockapoo",
"spaniel/cocker",
"coonhound",
"cotondetulear",
"retriever/curly",
"dachshund",
"dalmatian",
"terrier/dandie",
"dhole",
"dingo",
"doberman",
"bulldog/english",
"hound/english",
"mastiff/english",
"setter/english",
"sheepdog/english",
"springer/english",
"entlebucher",
"eskimo",
"retriever/flatcoated",
"terrier/fox",
"bulldog/french",
"pointer/german",
"pointer/germanlonghair",
"germanshepherd",
"schnauzer/giant",
"retriever/golden",
"setter/gordon",
"dane/great",
"groenendael",
"havanese",
"husky",
"hound/ibizan",
"setter/irish",
"spaniel/irish",
"terrier/irish",
"wolfhound/irish",
"greyhound/italian",
"spaniel/japanese",
"keeshond",
"kelpie",
"terrier/kerryblue",
"komondor",
"kuvasz",
"labradoodle",
"labrador",
"terrier/lakeland",
"finnish/lapphund",
"leonberg",
"lhasa",
"malamute",
"malinois",
"maltese",
"mexicanhairless",
"pinscher/miniature",
"poodle/miniature",
"schnauzer/miniature",
"mix",
"newfoundland",
"terrier/norfolk",
"buhund/norwegian",
"elkhound/norwegian",
"terrier/norwich",
"otterhound",
"papillon",
"terrier/patterdale",
"pekinese",
"pembroke",
"pitbull",
"hound/plott",
"pomeranian",
"pug",
"puggle",
"pyrenees",
"redbone",
"ridgeback/rhodesian",
"rottweiler",
"terrier/russell",
"saluki",
"samoyed",
"schipperke",
"deerhound/scottish",
"terrier/scottish",
"terrier/sealyham",
"sheepdog/shetland",
"shiba",
"shihtzu",
"terrier/silky",
"waterdog/spanish",
"bullterrier/staffordshire",
"poodle/standard",
"stbernard",
"spaniel/sussex",
"mountain/swiss",
"tervuren",
"mastiff/tibetan",
"terrier/tibetan",
"poodle/toy",
"terrier/toy",
"vizsla",
"hound/walker",
"weimaraner",
"spaniel/welsh",
"terrier/welsh",
"terrier/westhighland",
"terrier/wheaten",
"whippet",
"terrier/yorkshire"
]